// Jest Snapshot v1, https://goo.gl/fbAQLP

exports[`<App> has one child 1`] = `
<View
  style={
    Object {
      "alignItems": "center",
      "backgroundColor": "#fff",
      "flex": 1,
      "justifyContent": "center",
    }
  }
>
  <Text>
    Welcome to Expo
  </Text>
</View>
`;
